Script started on 2019-11-07 22:06:35-07:00
]0;guransh.mangat1@csa2:~/CPSC355/A4guransh.mangat1@csa2:~/CPSC355/A4$ gdb a4
GNU gdb (GDB) Fedora 8.1.1-4.fc28
Copyright (C) 2018 Free Software Foundation, Inc.
License GPLv3+: GNU GPL version 3 or later <http://gnu.org/licenses/gpl.html>
This is free software: you are free to change and redistribute it.
There is NO WARRANTY, to the extent permitted by law.  Type "show copying"
and "show warranty" for details.
This GDB was configured as "aarch64-redhat-linux-gnu".
Type "show configuration" for configuration details.
For bug reporting instructions, please see:
<http://www.gnu.org/software/gdb/bugs/>.
Find the GDB manual and other documentation resources online at:
<http://www.gnu.org/software/gdb/documentation/>.
For help, type "help".
Type "apropos word" to search for commands related to "word"...
Reading symbols from a4...(no debugging symbols found)...done.
(gdb) [K(gdb) b newCuboid
Breakpoint 1 at 0x4006fc
(gdb) b printCuboid
Breakpoint 2 at 0x4007b8
(gdb) display/i $pc
1: x/i $pc
<error: No registers.>
(gdb) r
Starting program: /home/ugd/guransh.mangat1/CPSC355/A4/a4 
warning: the debug information found in "/usr/lib/debug//usr/lib64/ld-2.27.so.debug" does not match "/lib/ld-linux-aarch64.so.1" (CRC mismatch).

Missing separate debuginfos, use: dnf debuginfo-install glibc-2.27-38.fc28.aarch64
warning: the debug information found in "/usr/lib/debug//lib64/libc-2.27.so.debug" does not match "/lib64/libc.so.6" (CRC mismatch).

warning: the debug information found in "/usr/lib/debug//usr/lib64/libc-2.27.so.debug" does not match "/lib64/libc.so.6" (CRC mismatch).


Breakpoint 1, 0x00000000004006fc in newCuboid ()
1: x/i $pc
=> 0x4006fc <newCuboid+20>:	str	w9, [x0]
(gdb) c[Kc
Continuing.

Breakpoint 1, 0x00000000004006fc in newCuboid ()
1: x/i $pc
=> 0x4006fc <newCuboid+20>:	str	w9, [x0]
(gdb) c
Continuing.
Initial Cuboid Values:

Breakpoint 2, 0x00000000004007b8 in printCuboid ()
1: x/i $pc
=> 0x4007b8 <printCuboid+24>:	ldr	w2, [x21]
(gdb) c
Continuing.
Cuboid first origin = (0, 0) 
	Base Width = 2 Base Length = 2 
	Height = 3 
	Volume = 12 


Breakpoint 2, 0x00000000004007b8 in printCuboid ()
1: x/i $pc
=> 0x4007b8 <printCuboid+24>:	ldr	w2, [x21]
(gdb) c
Continuing.
Cuboid second origin = (0, 0) 
	Base Width = 2 Base Length = 2 
	Height = 3 
	Volume = 12 


Changed Cuboid Values:

Breakpoint 2, 0x00000000004007b8 in printCuboid ()
1: x/i $pc
=> 0x4007b8 <printCuboid+24>:	ldr	w2, [x21]
(gdb) c
Continuing.
Cuboid first origin = (3, -6) 
	Base Width = 2 Base Length = 2 
	Height = 3 
	Volume = 12 


Breakpoint 2, 0x00000000004007b8 in printCuboid ()
1: x/i $pc
=> 0x4007b8 <printCuboid+24>:	ldr	w2, [x21]
(gdb) c
Continuing.
Cuboid second origin = (0, 0) 
	Base Width = 8 Base Length = 8 
	Height = 12 
	Volume = 768 

[Inferior 1 (process 3763) exited with code 020]
(gdb) c
The program is not being run.
(gdb) sc[K[Kquit
]0;guransh.mangat1@csa2:~/CPSC355/A4guransh.mangat1@csa2:~/CPSC355/A4$ quit
bash: quit: command not found
]0;guransh.mangat1@csa2:~/CPSC355/A4guransh.mangat1@csa2:~/CPSC355/A4$ quit[K[K[K[Kexit
exit

Script done on 2019-11-07 22:07:52-07:00
